<?xml version="1.0" encoding="ISO-8859-1" ?>
<link_info>
   <banner>MSP430 Linker Unix v21.6.1.LTS</banner>
   <copyright>Copyright (c) 2003-2018 Texas Instruments Incorporated</copyright>
   <link_time>0x69a79554</link_time>
   <link_errors>0x0</link_errors>
   <output_file>sd-card-fatfs.out</output_file>
   <entry_point>
      <name>_c_int00_noargs_mpu</name>
      <address>0xa416</address>
   </entry_point>
   <input_file_list>
      <input_file id="fl-2">
         <path>./</path>
         <kind>object</kind>
         <file>main.obj</file>
         <name>main.obj</name>
      </input_file>
      <input_file id="fl-3">
         <path>./FatFs/</path>
         <kind>object</kind>
         <file>ff.obj</file>
         <name>ff.obj</name>
      </input_file>
      <input_file id="fl-4">
         <path>./FatFs/</path>
         <kind>object</kind>
         <file>mmc.obj</file>
         <name>mmc.obj</name>
      </input_file>
      <input_file id="fl-5">
         <path>./HAL/</path>
         <kind>object</kind>
         <file>HAL_SDCard.obj</file>
         <name>HAL_SDCard.obj</name>
      </input_file>
      <input_file id="fl-6">
         <path>./SDCardLib/</path>
         <kind>object</kind>
         <file>sdcard.obj</file>
         <name>sdcard.obj</name>
      </input_file>
      <input_file id="fl-7">
         <path>./driverlib/MSP430FR2xx_4xx/</path>
         <kind>object</kind>
         <file>adc.obj</file>
         <name>adc.obj</name>
      </input_file>
      <input_file id="fl-8">
         <path>./driverlib/MSP430FR2xx_4xx/</path>
         <kind>object</kind>
         <file>crc.obj</file>
         <name>crc.obj</name>
      </input_file>
      <input_file id="fl-9">
         <path>./driverlib/MSP430FR2xx_4xx/</path>
         <kind>object</kind>
         <file>cs.obj</file>
         <name>cs.obj</name>
      </input_file>
      <input_file id="fl-a">
         <path>./driverlib/MSP430FR2xx_4xx/</path>
         <kind>object</kind>
         <file>ecomp.obj</file>
         <name>ecomp.obj</name>
      </input_file>
      <input_file id="fl-b">
         <path>./driverlib/MSP430FR2xx_4xx/</path>
         <kind>object</kind>
         <file>eusci_a_spi.obj</file>
         <name>eusci_a_spi.obj</name>
      </input_file>
      <input_file id="fl-c">
         <path>./driverlib/MSP430FR2xx_4xx/</path>
         <kind>object</kind>
         <file>eusci_a_uart.obj</file>
         <name>eusci_a_uart.obj</name>
      </input_file>
      <input_file id="fl-d">
         <path>./driverlib/MSP430FR2xx_4xx/</path>
         <kind>object</kind>
         <file>eusci_b_i2c.obj</file>
         <name>eusci_b_i2c.obj</name>
      </input_file>
      <input_file id="fl-e">
         <path>./driverlib/MSP430FR2xx_4xx/</path>
         <kind>object</kind>
         <file>eusci_b_spi.obj</file>
         <name>eusci_b_spi.obj</name>
      </input_file>
      <input_file id="fl-f">
         <path>./driverlib/MSP430FR2xx_4xx/</path>
         <kind>object</kind>
         <file>framctl.obj</file>
         <name>framctl.obj</name>
      </input_file>
      <input_file id="fl-10">
         <path>./driverlib/MSP430FR2xx_4xx/</path>
         <kind>object</kind>
         <file>gpio.obj</file>
         <name>gpio.obj</name>
      </input_file>
      <input_file id="fl-11">
         <path>./driverlib/MSP430FR2xx_4xx/</path>
         <kind>object</kind>
         <file>icc.obj</file>
         <name>icc.obj</name>
      </input_file>
      <input_file id="fl-12">
         <path>./driverlib/MSP430FR2xx_4xx/</path>
         <kind>object</kind>
         <file>lcd_e.obj</file>
         <name>lcd_e.obj</name>
      </input_file>
      <input_file id="fl-13">
         <path>./driverlib/MSP430FR2xx_4xx/</path>
         <kind>object</kind>
         <file>mpy32.obj</file>
         <name>mpy32.obj</name>
      </input_file>
      <input_file id="fl-14">
         <path>./driverlib/MSP430FR2xx_4xx/</path>
         <kind>object</kind>
         <file>pmm.obj</file>
         <name>pmm.obj</name>
      </input_file>
      <input_file id="fl-15">
         <path>./driverlib/MSP430FR2xx_4xx/</path>
         <kind>object</kind>
         <file>rtc.obj</file>
         <name>rtc.obj</name>
      </input_file>
      <input_file id="fl-16">
         <path>./driverlib/MSP430FR2xx_4xx/</path>
         <kind>object</kind>
         <file>sac.obj</file>
         <name>sac.obj</name>
      </input_file>
      <input_file id="fl-17">
         <path>./driverlib/MSP430FR2xx_4xx/</path>
         <kind>object</kind>
         <file>sfr.obj</file>
         <name>sfr.obj</name>
      </input_file>
      <input_file id="fl-18">
         <path>./driverlib/MSP430FR2xx_4xx/</path>
         <kind>object</kind>
         <file>sysctl.obj</file>
         <name>sysctl.obj</name>
      </input_file>
      <input_file id="fl-19">
         <path>./driverlib/MSP430FR2xx_4xx/</path>
         <kind>object</kind>
         <file>tia.obj</file>
         <name>tia.obj</name>
      </input_file>
      <input_file id="fl-1a">
         <path>./driverlib/MSP430FR2xx_4xx/</path>
         <kind>object</kind>
         <file>timer_a.obj</file>
         <name>timer_a.obj</name>
      </input_file>
      <input_file id="fl-1b">
         <path>./driverlib/MSP430FR2xx_4xx/</path>
         <kind>object</kind>
         <file>timer_b.obj</file>
         <name>timer_b.obj</name>
      </input_file>
      <input_file id="fl-1c">
         <path>./driverlib/MSP430FR2xx_4xx/</path>
         <kind>object</kind>
         <file>tlv.obj</file>
         <name>tlv.obj</name>
      </input_file>
      <input_file id="fl-1d">
         <path>./driverlib/MSP430FR2xx_4xx/</path>
         <kind>object</kind>
         <file>wdt_a.obj</file>
         <name>wdt_a.obj</name>
      </input_file>
      <input_file id="fl-23">
         <kind>object</kind>
         <file>&lt;internal&gt;</file>
         <name>&lt;internal&gt;</name>
      </input_file>
      <input_file id="fl-3e">
         <path>/opt/ccstudio/ccs/tools/compiler/ti-cgt-msp430_21.6.1.LTS/lib/</path>
         <kind>archive</kind>
         <file>rts430x_lc_sd_eabi.lib</file>
         <name>copy_decompress_lzss.c.obj</name>
      </input_file>
      <input_file id="fl-3f">
         <path>/opt/ccstudio/ccs/tools/compiler/ti-cgt-msp430_21.6.1.LTS/lib/</path>
         <kind>archive</kind>
         <file>rts430x_lc_sd_eabi.lib</file>
         <name>copy_decompress_none.c.obj</name>
      </input_file>
      <input_file id="fl-40">
         <path>/opt/ccstudio/ccs/tools/compiler/ti-cgt-msp430_21.6.1.LTS/lib/</path>
         <kind>archive</kind>
         <file>rts430x_lc_sd_eabi.lib</file>
         <name>int22.asm.obj</name>
      </input_file>
      <input_file id="fl-41">
         <path>/opt/ccstudio/ccs/tools/compiler/ti-cgt-msp430_21.6.1.LTS/lib/</path>
         <kind>archive</kind>
         <file>rts430x_lc_sd_eabi.lib</file>
         <name>isr_trap.asm.obj</name>
      </input_file>
      <input_file id="fl-42">
         <path>/opt/ccstudio/ccs/tools/compiler/ti-cgt-msp430_21.6.1.LTS/lib/</path>
         <kind>archive</kind>
         <file>rts430x_lc_sd_eabi.lib</file>
         <name>int23.asm.obj</name>
      </input_file>
      <input_file id="fl-43">
         <path>/opt/ccstudio/ccs/tools/compiler/ti-cgt-msp430_21.6.1.LTS/lib/</path>
         <kind>archive</kind>
         <file>rts430x_lc_sd_eabi.lib</file>
         <name>int24.asm.obj</name>
      </input_file>
      <input_file id="fl-44">
         <path>/opt/ccstudio/ccs/tools/compiler/ti-cgt-msp430_21.6.1.LTS/lib/</path>
         <kind>archive</kind>
         <file>rts430x_lc_sd_eabi.lib</file>
         <name>int25.asm.obj</name>
      </input_file>
      <input_file id="fl-45">
         <path>/opt/ccstudio/ccs/tools/compiler/ti-cgt-msp430_21.6.1.LTS/lib/</path>
         <kind>archive</kind>
         <file>rts430x_lc_sd_eabi.lib</file>
         <name>int26.asm.obj</name>
      </input_file>
      <input_file id="fl-46">
         <path>/opt/ccstudio/ccs/tools/compiler/ti-cgt-msp430_21.6.1.LTS/lib/</path>
         <kind>archive</kind>
         <file>rts430x_lc_sd_eabi.lib</file>
         <name>int27.asm.obj</name>
      </input_file>
      <input_file id="fl-47">
         <path>/opt/ccstudio/ccs/tools/compiler/ti-cgt-msp430_21.6.1.LTS/lib/</path>
         <kind>archive</kind>
         <file>rts430x_lc_sd_eabi.lib</file>
         <name>int28.asm.obj</name>
      </input_file>
      <input_file id="fl-48">
         <path>/opt/ccstudio/ccs/tools/compiler/ti-cgt-msp430_21.6.1.LTS/lib/</path>
         <kind>archive</kind>
         <file>rts430x_lc_sd_eabi.lib</file>
         <name>int29.asm.obj</name>
      </input_file>
      <input_file id="fl-49">
         <path>/opt/ccstudio/ccs/tools/compiler/ti-cgt-msp430_21.6.1.LTS/lib/</path>
         <kind>archive</kind>
         <file>rts430x_lc_sd_eabi.lib</file>
         <name>int30.asm.obj</name>
      </input_file>
      <input_file id="fl-4a">
         <path>/opt/ccstudio/ccs/tools/compiler/ti-cgt-msp430_21.6.1.LTS/lib/</path>
         <kind>archive</kind>
         <file>rts430x_lc_sd_eabi.lib</file>
         <name>int31.asm.obj</name>
      </input_file>
      <input_file id="fl-4b">
         <path>/opt/ccstudio/ccs/tools/compiler/ti-cgt-msp430_21.6.1.LTS/lib/</path>
         <kind>archive</kind>
         <file>rts430x_lc_sd_eabi.lib</file>
         <name>int32.asm.obj</name>
      </input_file>
      <input_file id="fl-4c">
         <path>/opt/ccstudio/ccs/tools/compiler/ti-cgt-msp430_21.6.1.LTS/lib/</path>
         <kind>archive</kind>
         <file>rts430x_lc_sd_eabi.lib</file>
         <name>int33.asm.obj</name>
      </input_file>
      <input_file id="fl-4d">
         <path>/opt/ccstudio/ccs/tools/compiler/ti-cgt-msp430_21.6.1.LTS/lib/</path>
         <kind>archive</kind>
         <file>rts430x_lc_sd_eabi.lib</file>
         <name>int34.asm.obj</name>
      </input_file>
      <input_file id="fl-4e">
         <path>/opt/ccstudio/ccs/tools/compiler/ti-cgt-msp430_21.6.1.LTS/lib/</path>
         <kind>archive</kind>
         <file>rts430x_lc_sd_eabi.lib</file>
         <name>int35.asm.obj</name>
      </input_file>
      <input_file id="fl-4f">
         <path>/opt/ccstudio/ccs/tools/compiler/ti-cgt-msp430_21.6.1.LTS/lib/</path>
         <kind>archive</kind>
         <file>rts430x_lc_sd_eabi.lib</file>
         <name>int36.asm.obj</name>
      </input_file>
      <input_file id="fl-50">
         <path>/opt/ccstudio/ccs/tools/compiler/ti-cgt-msp430_21.6.1.LTS/lib/</path>
         <kind>archive</kind>
         <file>rts430x_lc_sd_eabi.lib</file>
         <name>int37.asm.obj</name>
      </input_file>
      <input_file id="fl-51">
         <path>/opt/ccstudio/ccs/tools/compiler/ti-cgt-msp430_21.6.1.LTS/lib/</path>
         <kind>archive</kind>
         <file>rts430x_lc_sd_eabi.lib</file>
         <name>int38.asm.obj</name>
      </input_file>
      <input_file id="fl-52">
         <path>/opt/ccstudio/ccs/tools/compiler/ti-cgt-msp430_21.6.1.LTS/lib/</path>
         <kind>archive</kind>
         <file>rts430x_lc_sd_eabi.lib</file>
         <name>int39.asm.obj</name>
      </input_file>
      <input_file id="fl-53">
         <path>/opt/ccstudio/ccs/tools/compiler/ti-cgt-msp430_21.6.1.LTS/lib/</path>
         <kind>archive</kind>
         <file>rts430x_lc_sd_eabi.lib</file>
         <name>int40.asm.obj</name>
      </input_file>
      <input_file id="fl-54">
         <path>/opt/ccstudio/ccs/tools/compiler/ti-cgt-msp430_21.6.1.LTS/lib/</path>
         <kind>archive</kind>
         <file>rts430x_lc_sd_eabi.lib</file>
         <name>int41.asm.obj</name>
      </input_file>
      <input_file id="fl-55">
         <path>/opt/ccstudio/ccs/tools/compiler/ti-cgt-msp430_21.6.1.LTS/lib/</path>
         <kind>archive</kind>
         <file>rts430x_lc_sd_eabi.lib</file>
         <name>int42.asm.obj</name>
      </input_file>
      <input_file id="fl-56">
         <path>/opt/ccstudio/ccs/tools/compiler/ti-cgt-msp430_21.6.1.LTS/lib/</path>
         <kind>archive</kind>
         <file>rts430x_lc_sd_eabi.lib</file>
         <name>int43.asm.obj</name>
      </input_file>
      <input_file id="fl-57">
         <path>/opt/ccstudio/ccs/tools/compiler/ti-cgt-msp430_21.6.1.LTS/lib/</path>
         <kind>archive</kind>
         <file>rts430x_lc_sd_eabi.lib</file>
         <name>int44.asm.obj</name>
      </input_file>
      <input_file id="fl-58">
         <path>/opt/ccstudio/ccs/tools/compiler/ti-cgt-msp430_21.6.1.LTS/lib/</path>
         <kind>archive</kind>
         <file>rts430x_lc_sd_eabi.lib</file>
         <name>int45.asm.obj</name>
      </input_file>
      <input_file id="fl-59">
         <path>/opt/ccstudio/ccs/tools/compiler/ti-cgt-msp430_21.6.1.LTS/lib/</path>
         <kind>archive</kind>
         <file>rts430x_lc_sd_eabi.lib</file>
         <name>copy_zero_init.c.obj</name>
      </input_file>
      <input_file id="fl-5a">
         <path>/opt/ccstudio/ccs/tools/compiler/ti-cgt-msp430_21.6.1.LTS/lib/</path>
         <kind>archive</kind>
         <file>rts430x_lc_sd_eabi.lib</file>
         <name>cpy_util.asm.obj</name>
      </input_file>
      <input_file id="fl-5b">
         <path>/opt/ccstudio/ccs/tools/compiler/ti-cgt-msp430_21.6.1.LTS/lib/</path>
         <kind>archive</kind>
         <file>rts430x_lc_sd_eabi.lib</file>
         <name>div16s.asm.obj</name>
      </input_file>
      <input_file id="fl-5c">
         <path>/opt/ccstudio/ccs/tools/compiler/ti-cgt-msp430_21.6.1.LTS/lib/</path>
         <kind>archive</kind>
         <file>rts430x_lc_sd_eabi.lib</file>
         <name>div32s.asm.obj</name>
      </input_file>
      <input_file id="fl-5d">
         <path>/opt/ccstudio/ccs/tools/compiler/ti-cgt-msp430_21.6.1.LTS/lib/</path>
         <kind>archive</kind>
         <file>rts430x_lc_sd_eabi.lib</file>
         <name>div16u.asm.obj</name>
      </input_file>
      <input_file id="fl-5e">
         <path>/opt/ccstudio/ccs/tools/compiler/ti-cgt-msp430_21.6.1.LTS/lib/</path>
         <kind>archive</kind>
         <file>rts430x_lc_sd_eabi.lib</file>
         <name>div32u.asm.obj</name>
      </input_file>
      <input_file id="fl-5f">
         <path>/opt/ccstudio/ccs/tools/compiler/ti-cgt-msp430_21.6.1.LTS/lib/</path>
         <kind>archive</kind>
         <file>rts430x_lc_sd_eabi.lib</file>
         <name>mult16.asm.obj</name>
      </input_file>
      <input_file id="fl-60">
         <path>/opt/ccstudio/ccs/tools/compiler/ti-cgt-msp430_21.6.1.LTS/lib/</path>
         <kind>archive</kind>
         <file>rts430x_lc_sd_eabi.lib</file>
         <name>mult16_f5hw.asm.obj</name>
      </input_file>
      <input_file id="fl-61">
         <path>/opt/ccstudio/ccs/tools/compiler/ti-cgt-msp430_21.6.1.LTS/lib/</path>
         <kind>archive</kind>
         <file>rts430x_lc_sd_eabi.lib</file>
         <name>mult32.asm.obj</name>
      </input_file>
      <input_file id="fl-62">
         <path>/opt/ccstudio/ccs/tools/compiler/ti-cgt-msp430_21.6.1.LTS/lib/</path>
         <kind>archive</kind>
         <file>rts430x_lc_sd_eabi.lib</file>
         <name>mult32_f5hw.asm.obj</name>
      </input_file>
      <input_file id="fl-63">
         <path>/opt/ccstudio/ccs/tools/compiler/ti-cgt-msp430_21.6.1.LTS/lib/</path>
         <kind>archive</kind>
         <file>rts430x_lc_sd_eabi.lib</file>
         <name>mult64_f5hw.asm.obj</name>
      </input_file>
      <input_file id="fl-64">
         <path>/opt/ccstudio/ccs/tools/compiler/ti-cgt-msp430_21.6.1.LTS/lib/</path>
         <kind>archive</kind>
         <file>rts430x_lc_sd_eabi.lib</file>
         <name>mult1632_f5hw.asm.obj</name>
      </input_file>
      <input_file id="fl-65">
         <path>/opt/ccstudio/ccs/tools/compiler/ti-cgt-msp430_21.6.1.LTS/lib/</path>
         <kind>archive</kind>
         <file>rts430x_lc_sd_eabi.lib</file>
         <name>mult3264_f5hw.asm.obj</name>
      </input_file>
      <input_file id="fl-66">
         <path>/opt/ccstudio/ccs/tools/compiler/ti-cgt-msp430_21.6.1.LTS/lib/</path>
         <kind>archive</kind>
         <file>rts430x_lc_sd_eabi.lib</file>
         <name>lsl16.asm.obj</name>
      </input_file>
      <input_file id="fl-67">
         <path>/opt/ccstudio/ccs/tools/compiler/ti-cgt-msp430_21.6.1.LTS/lib/</path>
         <kind>archive</kind>
         <file>rts430x_lc_sd_eabi.lib</file>
         <name>lsl32.asm.obj</name>
      </input_file>
      <input_file id="fl-68">
         <path>/opt/ccstudio/ccs/tools/compiler/ti-cgt-msp430_21.6.1.LTS/lib/</path>
         <kind>archive</kind>
         <file>rts430x_lc_sd_eabi.lib</file>
         <name>lsr16.asm.obj</name>
      </input_file>
      <input_file id="fl-69">
         <path>/opt/ccstudio/ccs/tools/compiler/ti-cgt-msp430_21.6.1.LTS/lib/</path>
         <kind>archive</kind>
         <file>rts430x_lc_sd_eabi.lib</file>
         <name>lsr32.asm.obj</name>
      </input_file>
      <input_file id="fl-6a">
         <path>/opt/ccstudio/ccs/tools/compiler/ti-cgt-msp430_21.6.1.LTS/lib/</path>
         <kind>archive</kind>
         <file>rts430x_lc_sd_eabi.lib</file>
         <name>boot.c.obj</name>
      </input_file>
      <input_file id="fl-6b">
         <path>/opt/ccstudio/ccs/ccs_base/msp430/lib/FR2xx/</path>
         <kind>archive</kind>
         <file>FRWP_INIT_LIB_CCS_msp430_large_code_small_data.lib</file>
         <name>frwp_init.obj</name>
      </input_file>
      <input_file id="fl-6c">
         <path>/opt/ccstudio/ccs/tools/compiler/ti-cgt-msp430_21.6.1.LTS/lib/</path>
         <kind>archive</kind>
         <file>rts430x_lc_sd_eabi.lib</file>
         <name>args_main.c.obj</name>
      </input_file>
      <input_file id="fl-6d">
         <path>/opt/ccstudio/ccs/tools/compiler/ti-cgt-msp430_21.6.1.LTS/lib/</path>
         <kind>archive</kind>
         <file>rts430x_lc_sd_eabi.lib</file>
         <name>autoinit.c.obj</name>
      </input_file>
      <input_file id="fl-6e">
         <path>/opt/ccstudio/ccs/tools/compiler/ti-cgt-msp430_21.6.1.LTS/lib/</path>
         <kind>archive</kind>
         <file>rts430x_lc_sd_eabi.lib</file>
         <name>startup.c.obj</name>
      </input_file>
      <input_file id="fl-6f">
         <path>/opt/ccstudio/ccs/tools/compiler/ti-cgt-msp430_21.6.1.LTS/lib/</path>
         <kind>archive</kind>
         <file>rts430x_lc_sd_eabi.lib</file>
         <name>pre_init.c.obj</name>
      </input_file>
      <input_file id="fl-70">
         <path>/opt/ccstudio/ccs/tools/compiler/ti-cgt-msp430_21.6.1.LTS/lib/</path>
         <kind>archive</kind>
         <file>rts430x_lc_sd_eabi.lib</file>
         <name>cpy_tbl.c.obj</name>
      </input_file>
      <input_file id="fl-71">
         <path>/opt/ccstudio/ccs/tools/compiler/ti-cgt-msp430_21.6.1.LTS/lib/</path>
         <kind>archive</kind>
         <file>rts430x_lc_sd_eabi.lib</file>
         <name>exit.c.obj</name>
      </input_file>
      <input_file id="fl-72">
         <path>/opt/ccstudio/ccs/tools/compiler/ti-cgt-msp430_21.6.1.LTS/lib/</path>
         <kind>archive</kind>
         <file>rts430x_lc_sd_eabi.lib</file>
         <name>exit_gvars.c.obj</name>
      </input_file>
      <input_file id="fl-73">
         <path>/opt/ccstudio/ccs/tools/compiler/ti-cgt-msp430_21.6.1.LTS/lib/</path>
         <kind>archive</kind>
         <file>rts430x_lc_sd_eabi.lib</file>
         <name>_lock.c.obj</name>
      </input_file>
      <input_file id="fl-74">
         <path>/opt/ccstudio/ccs/tools/compiler/ti-cgt-msp430_21.6.1.LTS/lib/</path>
         <kind>archive</kind>
         <file>rts430x_lc_sd_eabi.lib</file>
         <name>memcpy.c.obj</name>
      </input_file>
      <input_file id="fl-75">
         <path>/opt/ccstudio/ccs/tools/compiler/ti-cgt-msp430_21.6.1.LTS/lib/</path>
         <kind>archive</kind>
         <file>rts430x_lc_sd_eabi.lib</file>
         <name>strcat.c.obj</name>
      </input_file>
      <input_file id="fl-76">
         <path>/opt/ccstudio/ccs/tools/compiler/ti-cgt-msp430_21.6.1.LTS/lib/</path>
         <kind>archive</kind>
         <file>rts430x_lc_sd_eabi.lib</file>
         <name>strlen.c.obj</name>
      </input_file>
   </input_file_list>
   <object_component_list>
      <object_component id="oc-7ca">
         <name>.cinit..data.load</name>
         <load_address>0x8000</load_address>
         <run_address>0x8000</run_address>
         <size>0x2a</size>
      </object_component>
      <object_component id="oc-7c7">
         <name>__TI_handler_table</name>
         <load_address>0x802c</load_address>
         <run_address>0x802c</run_address>
         <size>0xc</size>
      </object_component>
      <object_component id="oc-7c9">
         <name>.cinit..bss.load</name>
         <load_address>0x8038</load_address>
         <run_address>0x8038</run_address>
         <size>0x6</size>
      </object_component>
      <object_component id="oc-7c8">
         <name>__TI_cinit_table</name>
         <load_address>0x803e</load_address>
         <run_address>0x803e</run_address>
         <size>0x10</size>
      </object_component>
      <object_component id="oc-767">
         <name>.binit</name>
         <load_address>0x804e</load_address>
         <run_address>0x804e</run_address>
         <size>0x0</size>
      </object_component>
      <object_component id="oc-743">
         <name>.const:.string:excvt$1</name>
         <load_address>0x804e</load_address>
         <run_address>0x804e</run_address>
         <size>0x80</size>
         <input_file_ref idref="fl-3"/>
      </object_component>
      <object_component id="oc-4ca">
         <name>.const:.string</name>
         <load_address>0x80ce</load_address>
         <run_address>0x80ce</run_address>
         <size>0x24</size>
         <input_file_ref idref="fl-2"/>
      </object_component>
      <object_component id="oc-744">
         <name>.const:.string</name>
         <load_address>0x80f2</load_address>
         <run_address>0x80f2</run_address>
         <size>0x10</size>
         <input_file_ref idref="fl-3"/>
      </object_component>
      <object_component id="oc-623">
         <name>.text:chk_mounted</name>
         <load_address>0x8102</load_address>
         <run_address>0x8102</run_address>
         <size>0x4ac</size>
         <input_file_ref idref="fl-3"/>
      </object_component>
      <object_component id="oc-4d2">
         <name>.text:f_write</name>
         <load_address>0x85ae</load_address>
         <run_address>0x85ae</run_address>
         <size>0x28e</size>
         <input_file_ref idref="fl-3"/>
      </object_component>
      <object_component id="oc-590">
         <name>.text:f_open</name>
         <load_address>0x883c</load_address>
         <run_address>0x883c</run_address>
         <size>0x1f4</size>
         <input_file_ref idref="fl-3"/>
      </object_component>
      <object_component id="oc-6cc">
         <name>.text:disk_initialize</name>
         <load_address>0x8a30</load_address>
         <run_address>0x8a30</run_address>
         <size>0x1a8</size>
         <input_file_ref idref="fl-4"/>
      </object_component>
      <object_component id="oc-6ef">
         <name>.text:dir_next</name>
         <load_address>0x8bd8</load_address>
         <run_address>0x8bd8</run_address>
         <size>0x176</size>
         <input_file_ref idref="fl-3"/>
      </object_component>
      <object_component id="oc-660">
         <name>.text:put_fat</name>
         <load_address>0x8d4e</load_address>
         <run_address>0x8d4e</run_address>
         <size>0x15e</size>
         <input_file_ref idref="fl-3"/>
      </object_component>
      <object_component id="oc-65a">
         <name>.text:get_fat</name>
         <load_address>0x8eac</load_address>
         <run_address>0x8eac</run_address>
         <size>0x12e</size>
         <input_file_ref idref="fl-3"/>
      </object_component>
      <object_component id="oc-6e1">
         <name>.text:create_name</name>
         <load_address>0x8fda</load_address>
         <run_address>0x8fda</run_address>
         <size>0x124</size>
         <input_file_ref idref="fl-3"/>
      </object_component>
      <object_component id="oc-5ac">
         <name>.text:create_chain</name>
         <load_address>0x90fe</load_address>
         <run_address>0x90fe</run_address>
         <size>0x120</size>
         <input_file_ref idref="fl-3"/>
      </object_component>
      <object_component id="oc-62f">
         <name>.text:dir_sdi</name>
         <load_address>0x921e</load_address>
         <run_address>0x921e</run_address>
         <size>0xfa</size>
         <input_file_ref idref="fl-3"/>
      </object_component>
      <object_component id="oc-728">
         <name>.text:disk_ioctl</name>
         <load_address>0x9318</load_address>
         <run_address>0x9318</run_address>
         <size>0xf4</size>
         <input_file_ref idref="fl-4"/>
      </object_component>
      <object_component id="oc-66">
         <name>.text:decompress:lzss:__TI_decompress_lzss</name>
         <load_address>0x940c</load_address>
         <run_address>0x940c</run_address>
         <size>0xee</size>
         <input_file_ref idref="fl-3e"/>
      </object_component>
      <object_component id="oc-68a">
         <name>.text:sync</name>
         <load_address>0x94fa</load_address>
         <run_address>0x94fa</run_address>
         <size>0xdc</size>
         <input_file_ref idref="fl-3"/>
      </object_component>
      <object_component id="oc-5b2">
         <name>.text:move_window</name>
         <load_address>0x95d6</load_address>
         <run_address>0x95d6</run_address>
         <size>0xc0</size>
         <input_file_ref idref="fl-3"/>
      </object_component>
      <object_component id="oc-4b2">
         <name>.text:Software_Trim</name>
         <load_address>0x9696</load_address>
         <run_address>0x9696</run_address>
         <size>0xbe</size>
         <input_file_ref idref="fl-2"/>
      </object_component>
      <object_component id="oc-5be">
         <name>.text:disk_write</name>
         <load_address>0x9754</load_address>
         <run_address>0x9754</run_address>
         <size>0xbc</size>
         <input_file_ref idref="fl-4"/>
      </object_component>
      <object_component id="oc-490">
         <name>.text:main</name>
         <load_address>0x9810</load_address>
         <run_address>0x9810</run_address>
         <size>0xb0</size>
         <input_file_ref idref="fl-2"/>
      </object_component>
      <object_component id="oc-674">
         <name>.text:send_cmd</name>
         <load_address>0x98c0</load_address>
         <run_address>0x98c0</run_address>
         <size>0xb0</size>
         <input_file_ref idref="fl-4"/>
      </object_component>
      <object_component id="oc-629">
         <name>.text:follow_path</name>
         <load_address>0x9970</load_address>
         <run_address>0x9970</run_address>
         <size>0xaa</size>
         <input_file_ref idref="fl-3"/>
      </object_component>
      <object_component id="oc-58a">
         <name>.text:f_opendir</name>
         <load_address>0x9a1a</load_address>
         <run_address>0x9a1a</run_address>
         <size>0xa6</size>
         <input_file_ref idref="fl-3"/>
      </object_component>
      <object_component id="oc-642">
         <name>.text:remove_chain</name>
         <load_address>0x9ac0</load_address>
         <run_address>0x9ac0</run_address>
         <size>0x9c</size>
         <input_file_ref idref="fl-3"/>
      </object_component>
      <object_component id="oc-667">
         <name>.text:disk_read</name>
         <load_address>0x9b5c</load_address>
         <run_address>0x9b5c</run_address>
         <size>0x94</size>
         <input_file_ref idref="fl-4"/>
      </object_component>
      <object_component id="oc-5cc">
         <name>.text:f_sync</name>
         <load_address>0x9bf0</load_address>
         <run_address>0x9bf0</run_address>
         <size>0x94</size>
         <input_file_ref idref="fl-3"/>
      </object_component>
      <object_component id="oc-6d2">
         <name>.text:check_fs</name>
         <load_address>0x9c84</load_address>
         <run_address>0x9c84</run_address>
         <size>0x90</size>
         <input_file_ref idref="fl-3"/>
      </object_component>
      <object_component id="oc-636">
         <name>.text:dir_register</name>
         <load_address>0x9d14</load_address>
         <run_address>0x9d14</run_address>
         <size>0x84</size>
         <input_file_ref idref="fl-3"/>
      </object_component>
      <object_component id="oc-705">
         <name>.text:rcvr_datablock</name>
         <load_address>0x9d98</load_address>
         <run_address>0x9d98</run_address>
         <size>0x70</size>
         <input_file_ref idref="fl-4"/>
      </object_component>
      <object_component id="oc-50e">
         <name>.text:__TI_auto_init_nobinit_nopinit_hold_wdt:__TI_auto_init_nobinit_nopinit_hold_wdt</name>
         <load_address>0x9e08</load_address>
         <run_address>0x9e08</run_address>
         <size>0x6a</size>
         <input_file_ref idref="fl-6d"/>
      </object_component>
      <object_component id="oc-6e7">
         <name>.text:dir_find</name>
         <load_address>0x9e72</load_address>
         <run_address>0x9e72</run_address>
         <size>0x5a</size>
         <input_file_ref idref="fl-3"/>
      </object_component>
      <object_component id="oc-6d8">
         <name>.text</name>
         <load_address>0x9ecc</load_address>
         <run_address>0x9ecc</run_address>
         <size>0x58</size>
         <input_file_ref idref="fl-5e"/>
      </object_component>
      <object_component id="oc-67a">
         <name>.text:xmit_datablock</name>
         <load_address>0x9f24</load_address>
         <run_address>0x9f24</run_address>
         <size>0x58</size>
         <input_file_ref idref="fl-4"/>
      </object_component>
      <object_component id="oc-720">
         <name>.text:wait_ready</name>
         <load_address>0x9f7c</load_address>
         <run_address>0x9f7c</run_address>
         <size>0x54</size>
         <input_file_ref idref="fl-4"/>
      </object_component>
      <object_component id="oc-42b">
         <name>.text:__memcpy_far</name>
         <load_address>0x9fd0</load_address>
         <run_address>0x9fd0</run_address>
         <size>0x40</size>
         <input_file_ref idref="fl-5a"/>
      </object_component>
      <object_component id="oc-5b8">
         <name>.text:clust2sect</name>
         <load_address>0xa010</load_address>
         <run_address>0xa010</run_address>
         <size>0x3e</size>
         <input_file_ref idref="fl-3"/>
      </object_component>
      <object_component id="oc-43c">
         <name>.text:decompress:ZI:__TI_zero_init_nomemset:__TI_zero_init_nomemset</name>
         <load_address>0xa04e</load_address>
         <run_address>0xa04e</run_address>
         <size>0x3e</size>
         <input_file_ref idref="fl-59"/>
      </object_component>
      <object_component id="oc-648">
         <name>.text:l_lsl_const</name>
         <load_address>0xa08c</load_address>
         <run_address>0xa08c</run_address>
         <size>0x3e</size>
         <input_file_ref idref="fl-67"/>
      </object_component>
      <object_component id="oc-5a7">
         <name>.text:l_lsr_const</name>
         <load_address>0xa0ca</load_address>
         <run_address>0xa0ca</run_address>
         <size>0x3e</size>
         <input_file_ref idref="fl-69"/>
      </object_component>
      <object_component id="oc-4a2">
         <name>.text:__mpu_init</name>
         <load_address>0xa108</load_address>
         <run_address>0xa108</run_address>
         <size>0x3c</size>
         <input_file_ref idref="fl-6b"/>
      </object_component>
      <object_component id="oc-6c">
         <name>.text:decompress:none:__TI_decompress_none</name>
         <load_address>0xa144</load_address>
         <run_address>0xa144</run_address>
         <size>0x3c</size>
         <input_file_ref idref="fl-3f"/>
      </object_component>
      <object_component id="oc-4c4">
         <name>.text:fat_init</name>
         <load_address>0xa180</load_address>
         <run_address>0xa180</run_address>
         <size>0x3c</size>
         <input_file_ref idref="fl-2"/>
      </object_component>
      <object_component id="oc-55b">
         <name>.text:SDCard_readFrame</name>
         <load_address>0xa1bc</load_address>
         <run_address>0xa1bc</run_address>
         <size>0x3a</size>
         <input_file_ref idref="fl-5"/>
      </object_component>
      <object_component id="oc-561">
         <name>.text:SDCard_sendFrame</name>
         <load_address>0xa1f6</load_address>
         <run_address>0xa1f6</run_address>
         <size>0x38</size>
         <input_file_ref idref="fl-5"/>
      </object_component>
      <object_component id="oc-54f">
         <name>.text:SDCard_init</name>
         <load_address>0xa22e</load_address>
         <run_address>0xa22e</run_address>
         <size>0x36</size>
         <input_file_ref idref="fl-5"/>
      </object_component>
      <object_component id="oc-57b">
         <name>.text:f_mount</name>
         <load_address>0xa264</load_address>
         <run_address>0xa264</run_address>
         <size>0x2e</size>
         <input_file_ref idref="fl-3"/>
      </object_component>
      <object_component id="oc-5a1">
         <name>.text:validate</name>
         <load_address>0xa292</load_address>
         <run_address>0xa292</run_address>
         <size>0x2c</size>
         <input_file_ref idref="fl-3"/>
      </object_component>
      <object_component id="oc-66e">
         <name>.text</name>
         <load_address>0xa2be</load_address>
         <run_address>0xa2be</run_address>
         <size>0x24</size>
         <input_file_ref idref="fl-62"/>
      </object_component>
      <object_component id="oc-652">
         <name>.text:disk_status</name>
         <load_address>0xa2e2</load_address>
         <run_address>0xa2e2</run_address>
         <size>0x20</size>
         <input_file_ref idref="fl-4"/>
      </object_component>
      <object_component id="oc-70d">
         <name>.text:select</name>
         <load_address>0xa302</load_address>
         <run_address>0xa302</run_address>
         <size>0x1e</size>
         <input_file_ref idref="fl-4"/>
      </object_component>
      <object_component id="oc-4be">
         <name>.text:SDCardLib_init</name>
         <load_address>0xa320</load_address>
         <run_address>0xa320</run_address>
         <size>0x1a</size>
         <input_file_ref idref="fl-6"/>
      </object_component>
      <object_component id="oc-680">
         <name>.text:deselect</name>
         <load_address>0xa33a</load_address>
         <run_address>0xa33a</run_address>
         <size>0x18</size>
         <input_file_ref idref="fl-4"/>
      </object_component>
      <object_component id="oc-745">
         <name>.text:chk_chr</name>
         <load_address>0xa352</load_address>
         <run_address>0xa352</run_address>
         <size>0x14</size>
         <input_file_ref idref="fl-3"/>
      </object_component>
      <object_component id="oc-4d9">
         <name>.text:f_close</name>
         <load_address>0xa366</load_address>
         <run_address>0xa366</run_address>
         <size>0x14</size>
         <input_file_ref idref="fl-3"/>
      </object_component>
      <object_component id="oc-74c">
         <name>.text:mem_cmp</name>
         <load_address>0xa37a</load_address>
         <run_address>0xa37a</run_address>
         <size>0x14</size>
         <input_file_ref idref="fl-3"/>
      </object_component>
      <object_component id="oc-75c">
         <name>.text:l_lsl</name>
         <load_address>0xa38e</load_address>
         <run_address>0xa38e</run_address>
         <size>0x10</size>
         <input_file_ref idref="fl-67"/>
      </object_component>
      <object_component id="oc-5c4">
         <name>.text:mem_cpy</name>
         <load_address>0xa39e</load_address>
         <run_address>0xa39e</run_address>
         <size>0x10</size>
         <input_file_ref idref="fl-3"/>
      </object_component>
      <object_component id="oc-6f5">
         <name>.text:mem_set</name>
         <load_address>0xa3ae</load_address>
         <run_address>0xa3ae</run_address>
         <size>0x10</size>
         <input_file_ref idref="fl-3"/>
      </object_component>
      <object_component id="oc-555">
         <name>.text:SDCard_fastMode</name>
         <load_address>0xa3be</load_address>
         <run_address>0xa3be</run_address>
         <size>0xe</size>
         <input_file_ref idref="fl-5"/>
      </object_component>
      <object_component id="oc-4cb">
         <name>.text:strlen</name>
         <load_address>0xa3cc</load_address>
         <run_address>0xa3cc</run_address>
         <size>0xe</size>
         <input_file_ref idref="fl-76"/>
      </object_component>
      <object_component id="oc-719">
         <name>.text:rcvr_mmc</name>
         <load_address>0xa3da</load_address>
         <run_address>0xa3da</run_address>
         <size>0xc</size>
         <input_file_ref idref="fl-4"/>
      </object_component>
      <object_component id="oc-713">
         <name>.text:xmit_mmc</name>
         <load_address>0xa3e6</load_address>
         <run_address>0xa3e6</run_address>
         <size>0xc</size>
         <input_file_ref idref="fl-4"/>
      </object_component>
      <object_component id="oc-567">
         <name>.text:SDCard_setCSHigh</name>
         <load_address>0xa3f2</load_address>
         <run_address>0xa3f2</run_address>
         <size>0x6</size>
         <input_file_ref idref="fl-5"/>
      </object_component>
      <object_component id="oc-56d">
         <name>.text:SDCard_setCSLow</name>
         <load_address>0xa3f8</load_address>
         <run_address>0xa3f8</run_address>
         <size>0x6</size>
         <input_file_ref idref="fl-5"/>
      </object_component>
      <object_component id="oc-4ea">
         <name>.text:abort</name>
         <load_address>0xa3fe</load_address>
         <run_address>0xa3fe</run_address>
         <size>0x6</size>
         <input_file_ref idref="fl-71"/>
      </object_component>
      <object_component id="oc-581">
         <name>.text:disk_initCallBack</name>
         <load_address>0xa404</load_address>
         <run_address>0xa404</run_address>
         <size>0x6</size>
         <input_file_ref idref="fl-4"/>
      </object_component>
      <object_component id="oc-573">
         <name>.text:SDCard_detectCard</name>
         <load_address>0xa40a</load_address>
         <run_address>0xa40a</run_address>
         <size>0x4</size>
         <input_file_ref idref="fl-5"/>
      </object_component>
      <object_component id="oc-48a">
         <name>.text:_system_pre_init</name>
         <load_address>0xa40e</load_address>
         <run_address>0xa40e</run_address>
         <size>0x4</size>
         <input_file_ref idref="fl-6f"/>
      </object_component>
      <object_component id="oc-5e5">
         <name>.text:_system_post_cinit</name>
         <load_address>0xa412</load_address>
         <run_address>0xa412</run_address>
         <size>0x2</size>
         <input_file_ref idref="fl-6e"/>
      </object_component>
      <object_component id="oc-63c">
         <name>.text:get_fattime</name>
         <load_address>0xa414</load_address>
         <run_address>0xa414</run_address>
         <size>0x2</size>
         <input_file_ref idref="fl-3"/>
      </object_component>
      <object_component id="oc-466">
         <name>.text:_isr:_c_int00_noargs_mpu</name>
         <load_address>0xa416</load_address>
         <run_address>0xa416</run_address>
         <size>0x20</size>
         <input_file_ref idref="fl-6a"/>
      </object_component>
      <object_component id="oc-437">
         <name>.text:_isr:__TI_ISR_TRAP</name>
         <load_address>0xa436</load_address>
         <run_address>0xa436</run_address>
         <size>0x8</size>
         <input_file_ref idref="fl-41"/>
      </object_component>
      <object_component id="oc-613">
         <name>.bss:FatFs</name>
         <uninitialized>true</uninitialized>
         <run_address>0x226a</run_address>
         <size>0x2</size>
         <input_file_ref idref="fl-3"/>
      </object_component>
      <object_component id="oc-6dd">
         <name>.bss</name>
         <uninitialized>true</uninitialized>
         <run_address>0x226c</run_address>
         <size>0x2</size>
         <input_file_ref idref="fl-3"/>
      </object_component>
      <object_component id="oc-617">
         <name>.bss</name>
         <uninitialized>true</uninitialized>
         <run_address>0x2266</run_address>
         <size>0x3</size>
         <input_file_ref idref="fl-4"/>
      </object_component>
      <object_component id="oc-4b8">
         <name>.common:sdLib</name>
         <uninitialized>true</uninitialized>
         <run_address>0x2000</run_address>
         <size>0x230</size>
      </object_component>
      <object_component id="oc-4d1">
         <name>.common:file</name>
         <uninitialized>true</uninitialized>
         <run_address>0x2230</run_address>
         <size>0x20</size>
      </object_component>
      <object_component id="oc-4d8">
         <name>.common:res</name>
         <uninitialized>true</uninitialized>
         <run_address>0x226e</run_address>
         <size>0x2</size>
      </object_component>
      <object_component id="oc-589">
         <name>.common:dir</name>
         <uninitialized>true</uninitialized>
         <run_address>0x2250</run_address>
         <size>0x16</size>
      </object_component>
      <object_component id="oc-596">
         <name>.data</name>
         <load_address>0x2290</load_address>
         <run_address>0x2290</run_address>
         <size>0x2</size>
         <input_file_ref idref="fl-2"/>
      </object_component>
      <object_component id="oc-6ff">
         <name>.data</name>
         <load_address>0x2292</load_address>
         <run_address>0x2292</run_address>
         <size>0x2</size>
         <input_file_ref idref="fl-4"/>
      </object_component>
      <object_component id="oc-4bb">
         <name>.data:sdIntf_MSP430FR2355</name>
         <load_address>0x2270</load_address>
         <run_address>0x2270</run_address>
         <size>0x20</size>
         <input_file_ref idref="fl-5"/>
      </object_component>
      <object_component id="oc-41c">
         <name>.stack</name>
         <uninitialized>true</uninitialized>
         <run_address>0x2f60</run_address>
         <size>0x2</size>
         <input_file_ref idref="fl-6a"/>
      </object_component>
      <object_component id="oc-7cb">
         <name>.stack</name>
         <uninitialized>true</uninitialized>
         <run_address>0x2f60</run_address>
         <size>0x0</size>
      </object_component>
      <object_component id="oc-72">
         <name>.int22</name>
         <load_address>0xffce</load_address>
         <run_address>0xffce</run_address>
         <size>0x2</size>
         <input_file_ref idref="fl-40"/>
      </object_component>
      <object_component id="oc-73">
         <name>.int23</name>
         <load_address>0xffd0</load_address>
         <run_address>0xffd0</run_address>
         <size>0x2</size>
         <input_file_ref idref="fl-42"/>
      </object_component>
      <object_component id="oc-74">
         <name>.int24</name>
         <load_address>0xffd2</load_address>
         <run_address>0xffd2</run_address>
         <size>0x2</size>
         <input_file_ref idref="fl-43"/>
      </object_component>
      <object_component id="oc-75">
         <name>.int25</name>
         <load_address>0xffd4</load_address>
         <run_address>0xffd4</run_address>
         <size>0x2</size>
         <input_file_ref idref="fl-44"/>
      </object_component>
      <object_component id="oc-76">
         <name>.int26</name>
         <load_address>0xffd6</load_address>
         <run_address>0xffd6</run_address>
         <size>0x2</size>
         <input_file_ref idref="fl-45"/>
      </object_component>
      <object_component id="oc-77">
         <name>.int27</name>
         <load_address>0xffd8</load_address>
         <run_address>0xffd8</run_address>
         <size>0x2</size>
         <input_file_ref idref="fl-46"/>
      </object_component>
      <object_component id="oc-78">
         <name>.int28</name>
         <load_address>0xffda</load_address>
         <run_address>0xffda</run_address>
         <size>0x2</size>
         <input_file_ref idref="fl-47"/>
      </object_component>
      <object_component id="oc-79">
         <name>.int29</name>
         <load_address>0xffdc</load_address>
         <run_address>0xffdc</run_address>
         <size>0x2</size>
         <input_file_ref idref="fl-48"/>
      </object_component>
      <object_component id="oc-7a">
         <name>.int30</name>
         <load_address>0xffde</load_address>
         <run_address>0xffde</run_address>
         <size>0x2</size>
         <input_file_ref idref="fl-49"/>
      </object_component>
      <object_component id="oc-7b">
         <name>.int31</name>
         <load_address>0xffe0</load_address>
         <run_address>0xffe0</run_address>
         <size>0x2</size>
         <input_file_ref idref="fl-4a"/>
      </object_component>
      <object_component id="oc-7c">
         <name>.int32</name>
         <load_address>0xffe2</load_address>
         <run_address>0xffe2</run_address>
         <size>0x2</size>
         <input_file_ref idref="fl-4b"/>
      </object_component>
      <object_component id="oc-7d">
         <name>.int33</name>
         <load_address>0xffe4</load_address>
         <run_address>0xffe4</run_address>
         <size>0x2</size>
         <input_file_ref idref="fl-4c"/>
      </object_component>
      <object_component id="oc-7e">
         <name>.int34</name>
         <load_address>0xffe6</load_address>
         <run_address>0xffe6</run_address>
         <size>0x2</size>
         <input_file_ref idref="fl-4d"/>
      </object_component>
      <object_component id="oc-7f">
         <name>.int35</name>
         <load_address>0xffe8</load_address>
         <run_address>0xffe8</run_address>
         <size>0x2</size>
         <input_file_ref idref="fl-4e"/>
      </object_component>
      <object_component id="oc-80">
         <name>.int36</name>
         <load_address>0xffea</load_address>
         <run_address>0xffea</run_address>
         <size>0x2</size>
         <input_file_ref idref="fl-4f"/>
      </object_component>
      <object_component id="oc-81">
         <name>.int37</name>
         <load_address>0xffec</load_address>
         <run_address>0xffec</run_address>
         <size>0x2</size>
         <input_file_ref idref="fl-50"/>
      </object_component>
      <object_component id="oc-82">
         <name>.int38</name>
         <load_address>0xffee</load_address>
         <run_address>0xffee</run_address>
         <size>0x2</size>
         <input_file_ref idref="fl-51"/>
      </object_component>
      <object_component id="oc-83">
         <name>.int39</name>
         <load_address>0xfff0</load_address>
         <run_address>0xfff0</run_address>
         <size>0x2</size>
         <input_file_ref idref="fl-52"/>
      </object_component>
      <object_component id="oc-84">
         <name>.int40</name>
         <load_address>0xfff2</load_address>
         <run_address>0xfff2</run_address>
         <size>0x2</size>
         <input_file_ref idref="fl-53"/>
      </object_component>
      <object_component id="oc-85">
         <name>.int41</name>
         <load_address>0xfff4</load_address>
         <run_address>0xfff4</run_address>
         <size>0x2</size>
         <input_file_ref idref="fl-54"/>
      </object_component>
      <object_component id="oc-86">
         <name>.int42</name>
         <load_address>0xfff6</load_address>
         <run_address>0xfff6</run_address>
         <size>0x2</size>
         <input_file_ref idref="fl-55"/>
      </object_component>
      <object_component id="oc-87">
         <name>.int43</name>
         <load_address>0xfff8</load_address>
         <run_address>0xfff8</run_address>
         <size>0x2</size>
         <input_file_ref idref="fl-56"/>
      </object_component>
      <object_component id="oc-88">
         <name>.int44</name>
         <load_address>0xfffa</load_address>
         <run_address>0xfffa</run_address>
         <size>0x2</size>
         <input_file_ref idref="fl-57"/>
      </object_component>
      <object_component id="oc-89">
         <name>.int45</name>
         <load_address>0xfffc</load_address>
         <run_address>0xfffc</run_address>
         <size>0x2</size>
         <input_file_ref idref="fl-58"/>
      </object_component>
      <object_component id="oc-41f">
         <name>.reset</name>
         <load_address>0xfffe</load_address>
         <run_address>0xfffe</run_address>
         <size>0x2</size>
         <input_file_ref idref="fl-6a"/>
      </object_component>
      <object_component id="oc-4b9">
         <name>.debug_info</name>
         <load_address>0x0</load_address>
         <run_address>0x0</run_address>
         <size>0x5fa</size>
         <input_file_ref idref="fl-2"/>
      </object_component>
      <object_component id="oc-597">
         <name>.debug_info</name>
         <load_address>0x5fa</load_address>
         <run_address>0x5fa</run_address>
         <size>0xcb</size>
         <input_file_ref idref="fl-2"/>
      </object_component>
      <object_component id="oc-4b3">
         <name>.debug_info</name>
         <load_address>0x6c5</load_address>
         <run_address>0x6c5</run_address>
         <size>0x223</size>
         <input_file_ref idref="fl-2"/>
      </object_component>
      <object_component id="oc-4c5">
         <name>.debug_info</name>
         <load_address>0x8e8</load_address>
         <run_address>0x8e8</run_address>
         <size>0x13f</size>
         <input_file_ref idref="fl-2"/>
      </object_component>
      <object_component id="oc-491">
         <name>.debug_info</name>
         <load_address>0xa27</load_address>
         <run_address>0xa27</run_address>
         <size>0x183</size>
         <input_file_ref idref="fl-2"/>
      </object_component>
      <object_component id="oc-536">
         <name>.debug_info</name>
         <load_address>0xbaa</load_address>
         <run_address>0xbaa</run_address>
         <size>0x493</size>
         <input_file_ref idref="fl-2"/>
      </object_component>
      <object_component id="oc-61e">
         <name>.debug_info</name>
         <load_address>0x103d</load_address>
         <run_address>0x103d</run_address>
         <size>0x70</size>
         <input_file_ref idref="fl-2"/>
      </object_component>
      <object_component id="oc-540">
         <name>.debug_info</name>
         <load_address>0x10ad</load_address>
         <run_address>0x10ad</run_address>
         <size>0x26b</size>
         <input_file_ref idref="fl-2"/>
      </object_component>
      <object_component id="oc-531">
         <name>.debug_info</name>
         <load_address>0x1318</load_address>
         <run_address>0x1318</run_address>
         <size>0x14c</size>
         <input_file_ref idref="fl-2"/>
      </object_component>
      <object_component id="oc-4e0">
         <name>.debug_info</name>
         <load_address>0x1464</load_address>
         <run_address>0x1464</run_address>
         <size>0x8b</size>
         <input_file_ref idref="fl-2"/>
      </object_component>
      <object_component id="oc-606">
         <name>.debug_info</name>
         <load_address>0x14ef</load_address>
         <run_address>0x14ef</run_address>
         <size>0x282</size>
         <input_file_ref idref="fl-2"/>
      </object_component>
      <object_component id="oc-53b">
         <name>.debug_info</name>
         <load_address>0x1771</load_address>
         <run_address>0x1771</run_address>
         <size>0xbb</size>
         <input_file_ref idref="fl-2"/>
      </object_component>
      <object_component id="oc-4e5">
         <name>.debug_info</name>
         <load_address>0x182c</load_address>
         <run_address>0x182c</run_address>
         <size>0xbb</size>
         <input_file_ref idref="fl-2"/>
      </object_component>
      <object_component id="oc-54a">
         <name>.debug_info</name>
         <load_address>0x18e7</load_address>
         <run_address>0x18e7</run_address>
         <size>0xd9</size>
         <input_file_ref idref="fl-2"/>
      </object_component>
      <object_component id="oc-545">
         <name>.debug_info</name>
         <load_address>0x19c0</load_address>
         <run_address>0x19c0</run_address>
         <size>0x35</size>
         <input_file_ref idref="fl-2"/>
      </object_component>
      <object_component id="oc-5cb">
         <name>.debug_info</name>
         <load_address>0x19f5</load_address>
         <run_address>0x19f5</run_address>
         <size>0x37e</size>
         <input_file_ref idref="fl-3"/>
      </object_component>
      <object_component id="oc-614">
         <name>.debug_info</name>
         <load_address>0x1d73</load_address>
         <run_address>0x1d73</run_address>
         <size>0xcd</size>
         <input_file_ref idref="fl-3"/>
      </object_component>
      <object_component id="oc-6de">
         <name>.debug_info</name>
         <load_address>0x1e40</load_address>
         <run_address>0x1e40</run_address>
         <size>0xcb</size>
         <input_file_ref idref="fl-3"/>
      </object_component>
      <object_component id="oc-5b3">
         <name>.debug_info</name>
         <load_address>0x1f0b</load_address>
         <run_address>0x1f0b</run_address>
         <size>0x1b6</size>
         <input_file_ref idref="fl-3"/>
      </object_component>
      <object_component id="oc-661">
         <name>.debug_info</name>
         <load_address>0x20c1</load_address>
         <run_address>0x20c1</run_address>
         <size>0x212</size>
         <input_file_ref idref="fl-3"/>
      </object_component>
      <object_component id="oc-63d">
         <name>.debug_info</name>
         <load_address>0x22d3</load_address>
         <run_address>0x22d3</run_address>
         <size>0x10f</size>
         <input_file_ref idref="fl-3"/>
      </object_component>
      <object_component id="oc-65b">
         <name>.debug_info</name>
         <load_address>0x23e2</load_address>
         <run_address>0x23e2</run_address>
         <size>0x1e9</size>
         <input_file_ref idref="fl-3"/>
      </object_component>
      <object_component id="oc-5a2">
         <name>.debug_info</name>
         <load_address>0x25cb</load_address>
         <run_address>0x25cb</run_address>
         <size>0x151</size>
         <input_file_ref idref="fl-3"/>
      </object_component>
      <object_component id="oc-5ad">
         <name>.debug_info</name>
         <load_address>0x271c</load_address>
         <run_address>0x271c</run_address>
         <size>0x1da</size>
         <input_file_ref idref="fl-3"/>
      </object_component>
      <object_component id="oc-5b9">
         <name>.debug_info</name>
         <load_address>0x28f6</load_address>
         <run_address>0x28f6</run_address>
         <size>0x16a</size>
         <input_file_ref idref="fl-3"/>
      </object_component>
      <object_component id="oc-5c5">
         <name>.debug_info</name>
         <load_address>0x2a60</load_address>
         <run_address>0x2a60</run_address>
         <size>0x157</size>
         <input_file_ref idref="fl-3"/>
      </object_component>
      <object_component id="oc-4d3">
         <name>.debug_info</name>
         <load_address>0x2bb7</load_address>
         <run_address>0x2bb7</run_address>
         <size>0x2bd</size>
         <input_file_ref idref="fl-3"/>
      </object_component>
      <object_component id="oc-6d3">
         <name>.debug_info</name>
         <load_address>0x2e74</load_address>
         <run_address>0x2e74</run_address>
         <size>0x161</size>
         <input_file_ref idref="fl-3"/>
      </object_component>
      <object_component id="oc-624">
         <name>.debug_info</name>
         <load_address>0x2fd5</load_address>
         <run_address>0x2fd5</run_address>
         <size>0x3bf</size>
         <input_file_ref idref="fl-3"/>
      </object_component>
      <object_component id="oc-6f6">
         <name>.debug_info</name>
         <load_address>0x3394</load_address>
         <run_address>0x3394</run_address>
         <size>0x15b</size>
         <input_file_ref idref="fl-3"/>
      </object_component>
      <object_component id="oc-746">
         <name>.debug_info</name>
         <load_address>0x34ef</load_address>
         <run_address>0x34ef</run_address>
         <size>0x145</size>
         <input_file_ref idref="fl-3"/>
      </object_component>
      <object_component id="oc-6e2">
         <name>.debug_info</name>
         <load_address>0x3634</load_address>
         <run_address>0x3634</run_address>
         <size>0x1d7</size>
         <input_file_ref idref="fl-3"/>
      </object_component>
      <object_component id="oc-630">
         <name>.debug_info</name>
         <load_address>0x380b</load_address>
         <run_address>0x380b</run_address>
         <size>0x183</size>
         <input_file_ref idref="fl-3"/>
      </object_component>
      <object_component id="oc-74d">
         <name>.debug_info</name>
         <load_address>0x398e</load_address>
         <run_address>0x398e</run_address>
         <size>0x175</size>
         <input_file_ref idref="fl-3"/>
      </object_component>
      <object_component id="oc-6f0">
         <name>.debug_info</name>
         <load_address>0x3b03</load_address>
         <run_address>0x3b03</run_address>
         <size>0x1f4</size>
         <input_file_ref idref="fl-3"/>
      </object_component>
      <object_component id="oc-6e8">
         <name>.debug_info</name>
         <load_address>0x3cf7</load_address>
         <run_address>0x3cf7</run_address>
         <size>0x180</size>
         <input_file_ref idref="fl-3"/>
      </object_component>
      <object_component id="oc-62a">
         <name>.debug_info</name>
         <load_address>0x3e77</load_address>
         <run_address>0x3e77</run_address>
         <size>0x1a8</size>
         <input_file_ref idref="fl-3"/>
      </object_component>
      <object_component id="oc-68b">
         <name>.debug_info</name>
         <load_address>0x401f</load_address>
         <run_address>0x401f</run_address>
         <size>0x16e</size>
         <input_file_ref idref="fl-3"/>
      </object_component>
      <object_component id="oc-643">
         <name>.debug_info</name>
         <load_address>0x418d</load_address>
         <run_address>0x418d</run_address>
         <size>0x198</size>
         <input_file_ref idref="fl-3"/>
      </object_component>
      <object_component id="oc-5cd">
         <name>.debug_info</name>
         <load_address>0x4325</load_address>
         <run_address>0x4325</run_address>
         <size>0x192</size>
         <input_file_ref idref="fl-3"/>
      </object_component>
      <object_component id="oc-637">
         <name>.debug_info</name>
         <load_address>0x44b7</load_address>
         <run_address>0x44b7</run_address>
         <size>0x1b3</size>
         <input_file_ref idref="fl-3"/>
      </object_component>
      <object_component id="oc-58b">
         <name>.debug_info</name>
         <load_address>0x466a</load_address>
         <run_address>0x466a</run_address>
         <size>0x19c</size>
         <input_file_ref idref="fl-3"/>
      </object_component>
      <object_component id="oc-591">
         <name>.debug_info</name>
         <load_address>0x4806</load_address>
         <run_address>0x4806</run_address>
         <size>0x24b</size>
         <input_file_ref idref="fl-3"/>
      </object_component>
      <object_component id="oc-57c">
         <name>.debug_info</name>
         <load_address>0x4a51</load_address>
         <run_address>0x4a51</run_address>
         <size>0x151</size>
         <input_file_ref idref="fl-3"/>
      </object_component>
      <object_component id="oc-4da">
         <name>.debug_info</name>
         <load_address>0x4ba2</load_address>
         <run_address>0x4ba2</run_address>
         <size>0x140</size>
         <input_file_ref idref="fl-3"/>
      </object_component>
      <object_component id="oc-61b">
         <name>.debug_info</name>
         <load_address>0x4ce2</load_address>
         <run_address>0x4ce2</run_address>
         <size>0x1f5</size>
         <input_file_ref idref="fl-4"/>
      </object_component>
      <object_component id="oc-618">
         <name>.debug_info</name>
         <load_address>0x4ed7</load_address>
         <run_address>0x4ed7</run_address>
         <size>0xf9</size>
         <input_file_ref idref="fl-4"/>
      </object_component>
      <object_component id="oc-700">
         <name>.debug_info</name>
         <load_address>0x4fd0</load_address>
         <run_address>0x4fd0</run_address>
         <size>0xf2</size>
         <input_file_ref idref="fl-4"/>
      </object_component>
      <object_component id="oc-71a">
         <name>.debug_info</name>
         <load_address>0x50c2</load_address>
         <run_address>0x50c2</run_address>
         <size>0x12c</size>
         <input_file_ref idref="fl-4"/>
      </object_component>
      <object_component id="oc-681">
         <name>.debug_info</name>
         <load_address>0x51ee</load_address>
         <run_address>0x51ee</run_address>
         <size>0x129</size>
         <input_file_ref idref="fl-4"/>
      </object_component>
      <object_component id="oc-721">
         <name>.debug_info</name>
         <load_address>0x5317</load_address>
         <run_address>0x5317</run_address>
         <size>0x159</size>
         <input_file_ref idref="fl-4"/>
      </object_component>
      <object_component id="oc-70e">
         <name>.debug_info</name>
         <load_address>0x5470</load_address>
         <run_address>0x5470</run_address>
         <size>0x12e</size>
         <input_file_ref idref="fl-4"/>
      </object_component>
      <object_component id="oc-714">
         <name>.debug_info</name>
         <load_address>0x559e</load_address>
         <run_address>0x559e</run_address>
         <size>0x12c</size>
         <input_file_ref idref="fl-4"/>
      </object_component>
      <object_component id="oc-675">
         <name>.debug_info</name>
         <load_address>0x56ca</load_address>
         <run_address>0x56ca</run_address>
         <size>0x1d1</size>
         <input_file_ref idref="fl-4"/>
      </object_component>
      <object_component id="oc-706">
         <name>.debug_info</name>
         <load_address>0x589b</load_address>
         <run_address>0x589b</run_address>
         <size>0x1bf</size>
         <input_file_ref idref="fl-4"/>
      </object_component>
      <object_component id="oc-653">
         <name>.debug_info</name>
         <load_address>0x5a5a</load_address>
         <run_address>0x5a5a</run_address>
         <size>0x13e</size>
         <input_file_ref idref="fl-4"/>
      </object_component>
      <object_component id="oc-67b">
         <name>.debug_info</name>
         <load_address>0x5b98</load_address>
         <run_address>0x5b98</run_address>
         <size>0x1b8</size>
         <input_file_ref idref="fl-4"/>
      </object_component>
      <object_component id="oc-5bf">
         <name>.debug_info</name>
         <load_address>0x5d50</load_address>
         <run_address>0x5d50</run_address>
         <size>0x24d</size>
         <input_file_ref idref="fl-4"/>
      </object_component>
      <object_component id="oc-668">
         <name>.debug_info</name>
         <load_address>0x5f9d</load_address>
         <run_address>0x5f9d</run_address>
         <size>0x236</size>
         <input_file_ref idref="fl-4"/>
      </object_component>
      <object_component id="oc-729">
         <name>.debug_info</name>
         <load_address>0x61d3</load_address>
         <run_address>0x61d3</run_address>
         <size>0x21c</size>
         <input_file_ref idref="fl-4"/>
      </object_component>
      <object_component id="oc-6cd">
         <name>.debug_info</name>
         <load_address>0x63ef</load_address>
         <run_address>0x63ef</run_address>
         <size>0x2a9</size>
         <input_file_ref idref="fl-4"/>
      </object_component>
      <object_component id="oc-582">
         <name>.debug_info</name>
         <load_address>0x6698</load_address>
         <run_address>0x6698</run_address>
         <size>0x150</size>
         <input_file_ref idref="fl-4"/>
      </object_component>
      <object_component id="oc-60e">
         <name>.debug_info</name>
         <load_address>0x67e8</load_address>
         <run_address>0x67e8</run_address>
         <size>0x383</size>
         <input_file_ref idref="fl-5"/>
      </object_component>
      <object_component id="oc-4bc">
         <name>.debug_info</name>
         <load_address>0x6b6b</load_address>
         <run_address>0x6b6b</run_address>
         <size>0xef</size>
         <input_file_ref idref="fl-5"/>
      </object_component>
      <object_component id="oc-56e">
         <name>.debug_info</name>
         <load_address>0x6c5a</load_address>
         <run_address>0x6c5a</run_address>
         <size>0x125</size>
         <input_file_ref idref="fl-5"/>
      </object_component>
      <object_component id="oc-568">
         <name>.debug_info</name>
         <load_address>0x6d7f</load_address>
         <run_address>0x6d7f</run_address>
         <size>0x127</size>
         <input_file_ref idref="fl-5"/>
      </object_component>
      <object_component id="oc-562">
         <name>.debug_info</name>
         <load_address>0x6ea6</load_address>
         <run_address>0x6ea6</run_address>
         <size>0x19a</size>
         <input_file_ref idref="fl-5"/>
      </object_component>
      <object_component id="oc-55c">
         <name>.debug_info</name>
         <load_address>0x7040</load_address>
         <run_address>0x7040</run_address>
         <size>0x186</size>
         <input_file_ref idref="fl-5"/>
      </object_component>
      <object_component id="oc-550">
         <name>.debug_info</name>
         <load_address>0x71c6</load_address>
         <run_address>0x71c6</run_address>
         <size>0x11d</size>
         <input_file_ref idref="fl-5"/>
      </object_component>
      <object_component id="oc-556">
         <name>.debug_info</name>
         <load_address>0x72e3</load_address>
         <run_address>0x72e3</run_address>
         <size>0x125</size>
         <input_file_ref idref="fl-5"/>
      </object_component>
      <object_component id="oc-574">
         <name>.debug_info</name>
         <load_address>0x7408</load_address>
         <run_address>0x7408</run_address>
         <size>0x12d</size>
         <input_file_ref idref="fl-5"/>
      </object_component>
      <object_component id="oc-588">
         <name>.debug_info</name>
         <load_address>0x7535</load_address>
         <run_address>0x7535</run_address>
         <size>0x406</size>
         <input_file_ref idref="fl-6"/>
      </object_component>
      <object_component id="oc-4bf">
         <name>.debug_info</name>
         <load_address>0x793b</load_address>
         <run_address>0x793b</run_address>
         <size>0x1a3</size>
         <input_file_ref idref="fl-6"/>
      </object_component>
      <object_component id="oc-426">
         <name>.debug_info</name>
         <load_address>0x7ade</load_address>
         <run_address>0x7ade</run_address>
         <size>0x84</size>
         <input_file_ref idref="fl-8"/>
      </object_component>
      <object_component id="oc-67">
         <name>.debug_info</name>
         <load_address>0x7b62</load_address>
         <run_address>0x7b62</run_address>
         <size>0x2b8</size>
         <input_file_ref idref="fl-3e"/>
      </object_component>
      <object_component id="oc-4ac">
         <name>.debug_info</name>
         <load_address>0x7e1a</load_address>
         <run_address>0x7e1a</run_address>
         <size>0x46</size>
         <input_file_ref idref="fl-3e"/>
      </object_component>
      <object_component id="oc-47a">
         <name>.debug_info</name>
         <load_address>0x7e60</load_address>
         <run_address>0x7e60</run_address>
         <size>0x39</size>
         <input_file_ref idref="fl-3e"/>
      </object_component>
      <object_component id="oc-421">
         <name>.debug_info</name>
         <load_address>0x7e99</load_address>
         <run_address>0x7e99</run_address>
         <size>0x60</size>
         <input_file_ref idref="fl-3e"/>
      </object_component>
      <object_component id="oc-436">
         <name>.debug_info</name>
         <load_address>0x7ef9</load_address>
         <run_address>0x7ef9</run_address>
         <size>0x1da</size>
         <input_file_ref idref="fl-3f"/>
      </object_component>
      <object_component id="oc-6d">
         <name>.debug_info</name>
         <load_address>0x80d3</load_address>
         <run_address>0x80d3</run_address>
         <size>0x1f2</size>
         <input_file_ref idref="fl-3f"/>
      </object_component>
      <object_component id="oc-431">
         <name>.debug_info</name>
         <load_address>0x82c5</load_address>
         <run_address>0x82c5</run_address>
         <size>0x46</size>
         <input_file_ref idref="fl-3f"/>
      </object_component>
      <object_component id="oc-438">
         <name>.debug_info</name>
         <load_address>0x830b</load_address>
         <run_address>0x830b</run_address>
         <size>0x10f</size>
         <input_file_ref idref="fl-41"/>
      </object_component>
      <object_component id="oc-43d">
         <name>.debug_info</name>
         <load_address>0x841a</load_address>
         <run_address>0x841a</run_address>
         <size>0x1d3</size>
         <input_file_ref idref="fl-59"/>
      </object_component>
      <object_component id="oc-484">
         <name>.debug_info</name>
         <load_address>0x85ed</load_address>
         <run_address>0x85ed</run_address>
         <size>0x46</size>
         <input_file_ref idref="fl-59"/>
      </object_component>
      <object_component id="oc-42c">
         <name>.debug_info</name>
         <load_address>0x8633</load_address>
         <run_address>0x8633</run_address>
         <size>0x121</size>
         <input_file_ref idref="fl-5a"/>
      </object_component>
      <object_component id="oc-6d9">
         <name>.debug_info</name>
         <load_address>0x8754</load_address>
         <run_address>0x8754</run_address>
         <size>0x123</size>
         <input_file_ref idref="fl-5e"/>
      </object_component>
      <object_component id="oc-66f">
         <name>.debug_info</name>
         <load_address>0x8877</load_address>
         <run_address>0x8877</run_address>
         <size>0x130</size>
         <input_file_ref idref="fl-62"/>
      </object_component>
      <object_component id="oc-75d">
         <name>.debug_info</name>
         <load_address>0x89a7</load_address>
         <run_address>0x89a7</run_address>
         <size>0x120</size>
         <input_file_ref idref="fl-67"/>
      </object_component>
      <object_component id="oc-649">
         <name>.debug_info</name>
         <load_address>0x8ac7</load_address>
         <run_address>0x8ac7</run_address>
         <size>0x126</size>
         <input_file_ref idref="fl-67"/>
      </object_component>
      <object_component id="oc-5a8">
         <name>.debug_info</name>
         <load_address>0x8bed</load_address>
         <run_address>0x8bed</run_address>
         <size>0x126</size>
         <input_file_ref idref="fl-69"/>
      </object_component>
      <object_component id="oc-41d">
         <name>.debug_info</name>
         <load_address>0x8d13</load_address>
         <run_address>0x8d13</run_address>
         <size>0x100</size>
         <input_file_ref idref="fl-6a"/>
      </object_component>
      <object_component id="oc-467">
         <name>.debug_info</name>
         <load_address>0x8e13</load_address>
         <run_address>0x8e13</run_address>
         <size>0x193</size>
         <input_file_ref idref="fl-6a"/>
      </object_component>
      <object_component id="oc-4a3">
         <name>.debug_info</name>
         <load_address>0x8fa6</load_address>
         <run_address>0x8fa6</run_address>
         <size>0x1ae</size>
         <input_file_ref idref="fl-6b"/>
      </object_component>
      <object_component id="oc-529">
         <name>.debug_info</name>
         <load_address>0x9154</load_address>
         <run_address>0x9154</run_address>
         <size>0x18b</size>
         <input_file_ref idref="fl-6b"/>
      </object_component>
      <object_component id="oc-5ec">
         <name>.debug_info</name>
         <load_address>0x92df</load_address>
         <run_address>0x92df</run_address>
         <size>0x409</size>
         <input_file_ref idref="fl-6d"/>
      </object_component>
      <object_component id="oc-50f">
         <name>.debug_info</name>
         <load_address>0x96e8</load_address>
         <run_address>0x96e8</run_address>
         <size>0x216</size>
         <input_file_ref idref="fl-6d"/>
      </object_component>
      <object_component id="oc-6a8">
         <name>.debug_info</name>
         <load_address>0x98fe</load_address>
         <run_address>0x98fe</run_address>
         <size>0x39</size>
         <input_file_ref idref="fl-6d"/>
      </object_component>
      <object_component id="oc-6bf">
         <name>.debug_info</name>
         <load_address>0x9937</load_address>
         <run_address>0x9937</run_address>
         <size>0x2c</size>
         <input_file_ref idref="fl-6d"/>
      </object_component>
      <object_component id="oc-5f7">
         <name>.debug_info</name>
         <load_address>0x9963</load_address>
         <run_address>0x9963</run_address>
         <size>0x2c</size>
         <input_file_ref idref="fl-6d"/>
      </object_component>
      <object_component id="oc-6ad">
         <name>.debug_info</name>
         <load_address>0x998f</load_address>
         <run_address>0x998f</run_address>
         <size>0xcd</size>
         <input_file_ref idref="fl-6d"/>
      </object_component>
      <object_component id="oc-5e6">
         <name>.debug_info</name>
         <load_address>0x9a5c</load_address>
         <run_address>0x9a5c</run_address>
         <size>0x150</size>
         <input_file_ref idref="fl-6e"/>
      </object_component>
      <object_component id="oc-48b">
         <name>.debug_info</name>
         <load_address>0x9bac</load_address>
         <run_address>0x9bac</run_address>
         <size>0x153</size>
         <input_file_ref idref="fl-6f"/>
      </object_component>
      <object_component id="oc-59b">
         <name>.debug_info</name>
         <load_address>0x9cff</load_address>
         <run_address>0x9cff</run_address>
         <size>0x2c</size>
         <input_file_ref idref="fl-70"/>
      </object_component>
      <object_component id="oc-4eb">
         <name>.debug_info</name>
         <load_address>0x9d2b</load_address>
         <run_address>0x9d2b</run_address>
         <size>0x122</size>
         <input_file_ref idref="fl-71"/>
      </object_component>
      <object_component id="oc-5a0">
         <name>.debug_info</name>
         <load_address>0x9e4d</load_address>
         <run_address>0x9e4d</run_address>
         <size>0x162</size>
         <input_file_ref idref="fl-76"/>
      </object_component>
      <object_component id="oc-4cc">
         <name>.debug_info</name>
         <load_address>0x9faf</load_address>
         <run_address>0x9faf</run_address>
         <size>0x230</size>
         <input_file_ref idref="fl-76"/>
      </object_component>
      <object_component id="oc-7cc">
         <name>.debug_info</name>
         <load_address>0xa1df</load_address>
         <run_address>0xa1df</run_address>
         <size>0x9e</size>
      </object_component>
      <object_component id="oc-530">
         <name>.debug_line</name>
         <load_address>0x0</load_address>
         <run_address>0x0</run_address>
         <size>0x142</size>
         <input_file_ref idref="fl-2"/>
      </object_component>
      <object_component id="oc-64f">
         <name>.debug_line</name>
         <load_address>0x142</load_address>
         <run_address>0x142</run_address>
         <size>0x2d</size>
         <input_file_ref idref="fl-2"/>
      </object_component>
      <object_component id="oc-4b6">
         <name>.debug_line</name>
         <load_address>0x16f</load_address>
         <run_address>0x16f</run_address>
         <size>0x88</size>
         <input_file_ref idref="fl-2"/>
      </object_component>
      <object_component id="oc-4c8">
         <name>.debug_line</name>
         <load_address>0x1f7</load_address>
         <run_address>0x1f7</run_address>
         <size>0x4f</size>
         <input_file_ref idref="fl-2"/>
      </object_component>
      <object_component id="oc-494">
         <name>.debug_line</name>
         <load_address>0x246</load_address>
         <run_address>0x246</run_address>
         <size>0x60</size>
         <input_file_ref idref="fl-2"/>
      </object_component>
      <object_component id="oc-539">
         <name>.debug_line</name>
         <load_address>0x2a6</load_address>
         <run_address>0x2a6</run_address>
         <size>0x56</size>
         <input_file_ref idref="fl-2"/>
      </object_component>
      <object_component id="oc-621">
         <name>.debug_line</name>
         <load_address>0x2fc</load_address>
         <run_address>0x2fc</run_address>
         <size>0x35</size>
         <input_file_ref idref="fl-2"/>
      </object_component>
      <object_component id="oc-543">
         <name>.debug_line</name>
         <load_address>0x331</load_address>
         <run_address>0x331</run_address>
         <size>0x72</size>
         <input_file_ref idref="fl-2"/>
      </object_component>
      <object_component id="oc-534">
         <name>.debug_line</name>
         <load_address>0x3a3</load_address>
         <run_address>0x3a3</run_address>
         <size>0x5e</size>
         <input_file_ref idref="fl-2"/>
      </object_component>
      <object_component id="oc-4e3">
         <name>.debug_line</name>
         <load_address>0x401</load_address>
         <run_address>0x401</run_address>
         <size>0x20</size>
         <input_file_ref idref="fl-2"/>
      </object_component>
      <object_component id="oc-609">
         <name>.debug_line</name>
         <load_address>0x421</load_address>
         <run_address>0x421</run_address>
         <size>0x76</size>
         <input_file_ref idref="fl-2"/>
      </object_component>
      <object_component id="oc-53e">
         <name>.debug_line</name>
         <load_address>0x497</load_address>
         <run_address>0x497</run_address>
         <size>0x73</size>
         <input_file_ref idref="fl-2"/>
      </object_component>
      <object_component id="oc-4e8">
         <name>.debug_line</name>
         <load_address>0x50a</load_address>
         <run_address>0x50a</run_address>
         <size>0x36</size>
         <input_file_ref idref="fl-2"/>
      </object_component>
      <object_component id="oc-54d">
         <name>.debug_line</name>
         <load_address>0x540</load_address>
         <run_address>0x540</run_address>
         <size>0x6d</size>
         <input_file_ref idref="fl-2"/>
      </object_component>
      <object_component id="oc-548">
         <name>.debug_line</name>
         <load_address>0x5ad</load_address>
         <run_address>0x5ad</run_address>
         <size>0x77</size>
         <input_file_ref idref="fl-2"/>
      </object_component>
      <object_component id="oc-689">
         <name>.debug_line</name>
         <load_address>0x624</load_address>
         <run_address>0x624</run_address>
         <size>0x35</size>
         <input_file_ref idref="fl-3"/>
      </object_component>
      <object_component id="oc-6c7">
         <name>.debug_line</name>
         <load_address>0x659</load_address>
         <run_address>0x659</run_address>
[...]
         <value>0x5db</value>
      </symbol>
      <symbol id="sm-37d">
         <name>UCB1ADDRX</name>
         <value>0x5dc</value>
      </symbol>
      <symbol id="sm-37e">
         <name>UCB1ADDRX_L</name>
         <value>0x5dc</value>
      </symbol>
      <symbol id="sm-37f">
         <name>UCB1ADDRX_H</name>
         <value>0x5dd</value>
      </symbol>
      <symbol id="sm-380">
         <name>UCB1ADDMASK</name>
         <value>0x5de</value>
      </symbol>
      <symbol id="sm-381">
         <name>UCB1ADDMASK_L</name>
         <value>0x5de</value>
      </symbol>
      <symbol id="sm-382">
         <name>UCB1ADDMASK_H</name>
         <value>0x5df</value>
      </symbol>
      <symbol id="sm-383">
         <name>UCB1I2CSA</name>
         <value>0x5e0</value>
      </symbol>
      <symbol id="sm-384">
         <name>UCB1I2CSA_L</name>
         <value>0x5e0</value>
      </symbol>
      <symbol id="sm-385">
         <name>UCB1I2CSA_H</name>
         <value>0x5e1</value>
      </symbol>
      <symbol id="sm-386">
         <name>UCB1IE</name>
         <value>0x5ea</value>
      </symbol>
      <symbol id="sm-387">
         <name>UCB1IE_L</name>
         <value>0x5ea</value>
      </symbol>
      <symbol id="sm-388">
         <name>UCB1IE_H</name>
         <value>0x5eb</value>
      </symbol>
      <symbol id="sm-389">
         <name>UCB1IFG</name>
         <value>0x5ec</value>
      </symbol>
      <symbol id="sm-38a">
         <name>UCB1IFG_L</name>
         <value>0x5ec</value>
      </symbol>
      <symbol id="sm-38b">
         <name>UCB1IFG_H</name>
         <value>0x5ed</value>
      </symbol>
      <symbol id="sm-38c">
         <name>UCB1IV</name>
         <value>0x5ee</value>
      </symbol>
      <symbol id="sm-38d">
         <name>UCB1IV_L</name>
         <value>0x5ee</value>
      </symbol>
      <symbol id="sm-38e">
         <name>UCB1IV_H</name>
         <value>0x5ef</value>
      </symbol>
      <symbol id="sm-38f">
         <name>fram_rw_start</name>
         <value>0x8000</value>
      </symbol>
      <symbol id="sm-390">
         <name>fram_rx_start</name>
         <value>0x8000</value>
      </symbol>
      <symbol id="sm-391">
         <name>__TI_CINIT_Base</name>
         <value>0x803e</value>
      </symbol>
      <symbol id="sm-392">
         <name>__TI_CINIT_Limit</name>
         <value>0x804e</value>
      </symbol>
      <symbol id="sm-393">
         <name>__TI_CINIT_Warm</name>
         <value>0x804e</value>
      </symbol>
      <symbol id="sm-394">
         <name>__TI_Handler_Table_Base</name>
         <value>0x802c</value>
      </symbol>
      <symbol id="sm-395">
         <name>__TI_Handler_Table_Limit</name>
         <value>0x8038</value>
      </symbol>
      <symbol id="sm-396">
         <name>__STACK_SIZE</name>
         <value>0xa0</value>
      </symbol>
      <symbol id="sm-397">
         <name>__STACK_END</name>
         <value>0x3000</value>
      </symbol>
      <symbol id="sm-398">
         <name>__c_args__</name>
         <value>0xffffffff</value>
      </symbol>
      <symbol id="sm-399">
         <name>__TI_pprof_out_hndl</name>
         <value>0xffffffff</value>
      </symbol>
      <symbol id="sm-39a">
         <name>__TI_prof_data_start</name>
         <value>0xffffffff</value>
      </symbol>
      <symbol id="sm-39b">
         <name>__TI_prof_data_size</name>
         <value>0xffffffff</value>
      </symbol>
      <symbol id="sm-450">
         <name>sdLib</name>
         <value>0x2000</value>
      </symbol>
      <symbol id="sm-451">
         <name>file</name>
         <value>0x2230</value>
      </symbol>
      <symbol id="sm-452">
         <name>res</name>
         <value>0x226e</value>
      </symbol>
      <symbol id="sm-453">
         <name>dir</name>
         <value>0x2250</value>
      </symbol>
      <symbol id="sm-454">
         <name>Software_Trim</name>
         <value>0x9696</value>
         <object_component_ref idref="oc-4b2"/>
      </symbol>
      <symbol id="sm-455">
         <name>fat_init</name>
         <value>0xa180</value>
         <object_component_ref idref="oc-4c4"/>
      </symbol>
      <symbol id="sm-456">
         <name>result</name>
         <value>0x2290</value>
         <object_component_ref idref="oc-596"/>
      </symbol>
      <symbol id="sm-457">
         <name>main</name>
         <value>0x9810</value>
         <object_component_ref idref="oc-490"/>
      </symbol>
      <symbol id="sm-627">
         <name>get_fattime</name>
         <value>0xa414</value>
         <object_component_ref idref="oc-63c"/>
      </symbol>
      <symbol id="sm-628">
         <name>f_sync</name>
         <value>0x9bf0</value>
         <object_component_ref idref="oc-5cc"/>
      </symbol>
      <symbol id="sm-629">
         <name>clust2sect</name>
         <value>0xa010</value>
         <object_component_ref idref="oc-5b8"/>
      </symbol>
      <symbol id="sm-62a">
         <name>put_fat</name>
         <value>0x8d4e</value>
         <object_component_ref idref="oc-660"/>
      </symbol>
      <symbol id="sm-62b">
         <name>f_write</name>
         <value>0x85ae</value>
         <object_component_ref idref="oc-4d2"/>
      </symbol>
      <symbol id="sm-62c">
         <name>f_opendir</name>
         <value>0x9a1a</value>
         <object_component_ref idref="oc-58a"/>
      </symbol>
      <symbol id="sm-62d">
         <name>f_close</name>
         <value>0xa366</value>
         <object_component_ref idref="oc-4d9"/>
      </symbol>
      <symbol id="sm-62e">
         <name>f_open</name>
         <value>0x883c</value>
         <object_component_ref idref="oc-590"/>
      </symbol>
      <symbol id="sm-62f">
         <name>f_mount</name>
         <value>0xa264</value>
         <object_component_ref idref="oc-57b"/>
      </symbol>
      <symbol id="sm-630">
         <name>get_fat</name>
         <value>0x8eac</value>
         <object_component_ref idref="oc-65a"/>
      </symbol>
      <symbol id="sm-6fd">
         <name>disk_initCallBack</name>
         <value>0xa404</value>
         <object_component_ref idref="oc-581"/>
      </symbol>
      <symbol id="sm-6fe">
         <name>disk_status</name>
         <value>0xa2e2</value>
         <object_component_ref idref="oc-652"/>
      </symbol>
      <symbol id="sm-6ff">
         <name>disk_read</name>
         <value>0x9b5c</value>
         <object_component_ref idref="oc-667"/>
      </symbol>
      <symbol id="sm-700">
         <name>disk_initialize</name>
         <value>0x8a30</value>
         <object_component_ref idref="oc-6cc"/>
      </symbol>
      <symbol id="sm-701">
         <name>disk_ioctl</name>
         <value>0x9318</value>
         <object_component_ref idref="oc-728"/>
      </symbol>
      <symbol id="sm-702">
         <name>disk_write</name>
         <value>0x9754</value>
         <object_component_ref idref="oc-5be"/>
      </symbol>
      <symbol id="sm-744">
         <name>SDCard_sendFrame</name>
         <value>0xa1f6</value>
         <object_component_ref idref="oc-561"/>
      </symbol>
      <symbol id="sm-745">
         <name>SDCard_init</name>
         <value>0xa22e</value>
         <object_component_ref idref="oc-54f"/>
      </symbol>
      <symbol id="sm-746">
         <name>sdIntf_MSP430FR2355</name>
         <value>0x2270</value>
         <object_component_ref idref="oc-4bb"/>
      </symbol>
      <symbol id="sm-747">
         <name>SDCard_readFrame</name>
         <value>0xa1bc</value>
         <object_component_ref idref="oc-55b"/>
      </symbol>
      <symbol id="sm-748">
         <name>SDCard_setCSHigh</name>
         <value>0xa3f2</value>
         <object_component_ref idref="oc-567"/>
      </symbol>
      <symbol id="sm-749">
         <name>SDCard_setCSLow</name>
         <value>0xa3f8</value>
         <object_component_ref idref="oc-56d"/>
      </symbol>
      <symbol id="sm-74a">
         <name>SDCard_detectCard</name>
         <value>0xa40a</value>
         <object_component_ref idref="oc-573"/>
      </symbol>
      <symbol id="sm-74b">
         <name>SDCard_fastMode</name>
         <value>0xa3be</value>
         <object_component_ref idref="oc-555"/>
      </symbol>
      <symbol id="sm-757">
         <name>SDCardLib_init</name>
         <value>0xa320</value>
         <object_component_ref idref="oc-4be"/>
      </symbol>
      <symbol id="sm-794">
         <name>__TI_decompress_lzss</name>
         <value>0x940c</value>
         <object_component_ref idref="oc-66"/>
      </symbol>
      <symbol id="sm-7a5">
         <name>__TI_decompress_none</name>
         <value>0xa144</value>
         <object_component_ref idref="oc-6c"/>
      </symbol>
      <symbol id="sm-7a8">
         <name>__TI_int22</name>
         <value>0xffce</value>
         <object_component_ref idref="oc-72"/>
      </symbol>
      <symbol id="sm-7b0">
         <name>__TI_ISR_TRAP</name>
         <value>0xa436</value>
         <object_component_ref idref="oc-437"/>
      </symbol>
      <symbol id="sm-7b3">
         <name>__TI_int23</name>
         <value>0xffd0</value>
         <object_component_ref idref="oc-73"/>
      </symbol>
      <symbol id="sm-7b6">
         <name>__TI_int24</name>
         <value>0xffd2</value>
         <object_component_ref idref="oc-74"/>
      </symbol>
      <symbol id="sm-7b9">
         <name>__TI_int25</name>
         <value>0xffd4</value>
         <object_component_ref idref="oc-75"/>
      </symbol>
      <symbol id="sm-7bc">
         <name>__TI_int26</name>
         <value>0xffd6</value>
         <object_component_ref idref="oc-76"/>
      </symbol>
      <symbol id="sm-7bf">
         <name>__TI_int27</name>
         <value>0xffd8</value>
         <object_component_ref idref="oc-77"/>
      </symbol>
      <symbol id="sm-7c2">
         <name>__TI_int28</name>
         <value>0xffda</value>
         <object_component_ref idref="oc-78"/>
      </symbol>
      <symbol id="sm-7c5">
         <name>__TI_int29</name>
         <value>0xffdc</value>
         <object_component_ref idref="oc-79"/>
      </symbol>
      <symbol id="sm-7c8">
         <name>__TI_int30</name>
         <value>0xffde</value>
         <object_component_ref idref="oc-7a"/>
      </symbol>
      <symbol id="sm-7cb">
         <name>__TI_int31</name>
         <value>0xffe0</value>
         <object_component_ref idref="oc-7b"/>
      </symbol>
      <symbol id="sm-7ce">
         <name>__TI_int32</name>
         <value>0xffe2</value>
         <object_component_ref idref="oc-7c"/>
      </symbol>
      <symbol id="sm-7d1">
         <name>__TI_int33</name>
         <value>0xffe4</value>
         <object_component_ref idref="oc-7d"/>
      </symbol>
      <symbol id="sm-7d4">
         <name>__TI_int34</name>
         <value>0xffe6</value>
         <object_component_ref idref="oc-7e"/>
      </symbol>
      <symbol id="sm-7d7">
         <name>__TI_int35</name>
         <value>0xffe8</value>
         <object_component_ref idref="oc-7f"/>
      </symbol>
      <symbol id="sm-7da">
         <name>__TI_int36</name>
         <value>0xffea</value>
         <object_component_ref idref="oc-80"/>
      </symbol>
      <symbol id="sm-7dd">
         <name>__TI_int37</name>
         <value>0xffec</value>
         <object_component_ref idref="oc-81"/>
      </symbol>
      <symbol id="sm-7e0">
         <name>__TI_int38</name>
         <value>0xffee</value>
         <object_component_ref idref="oc-82"/>
      </symbol>
      <symbol id="sm-7e3">
         <name>__TI_int39</name>
         <value>0xfff0</value>
         <object_component_ref idref="oc-83"/>
      </symbol>
      <symbol id="sm-7e6">
         <name>__TI_int40</name>
         <value>0xfff2</value>
         <object_component_ref idref="oc-84"/>
      </symbol>
      <symbol id="sm-7e9">
         <name>__TI_int41</name>
         <value>0xfff4</value>
         <object_component_ref idref="oc-85"/>
      </symbol>
      <symbol id="sm-7ec">
         <name>__TI_int42</name>
         <value>0xfff6</value>
         <object_component_ref idref="oc-86"/>
      </symbol>
      <symbol id="sm-7ef">
         <name>__TI_int43</name>
         <value>0xfff8</value>
         <object_component_ref idref="oc-87"/>
      </symbol>
      <symbol id="sm-7f2">
         <name>__TI_int44</name>
         <value>0xfffa</value>
         <object_component_ref idref="oc-88"/>
      </symbol>
      <symbol id="sm-7f5">
         <name>__TI_int45</name>
         <value>0xfffc</value>
         <object_component_ref idref="oc-89"/>
      </symbol>
      <symbol id="sm-805">
         <name>__TI_zero_init_nomemset</name>
         <value>0xa04e</value>
         <object_component_ref idref="oc-43c"/>
      </symbol>
      <symbol id="sm-810">
         <name>__memcpy_far</name>
         <value>0x9fd0</value>
         <object_component_ref idref="oc-42b"/>
      </symbol>
      <symbol id="sm-821">
         <name>__mspabi_remul</name>
         <value>0x9ecc</value>
         <object_component_ref idref="oc-6d8"/>
      </symbol>
      <symbol id="sm-822">
         <name>__mspabi_divul</name>
         <value>0x9ecc</value>
         <object_component_ref idref="oc-6d8"/>
      </symbol>
      <symbol id="sm-82d">
         <name>__mspabi_mpyl_f5hw</name>
         <value>0xa2be</value>
         <object_component_ref idref="oc-66e"/>
      </symbol>
      <symbol id="sm-841">
         <name>__mspabi_slll_9</name>
         <value>0xa0a4</value>
         <object_component_ref idref="oc-648"/>
      </symbol>
      <symbol id="sm-842">
         <name>__mspabi_slll_8</name>
         <value>0xa0a8</value>
         <object_component_ref idref="oc-648"/>
      </symbol>
      <symbol id="sm-843">
         <name>__mspabi_slll_7</name>
         <value>0xa0ac</value>
         <object_component_ref idref="oc-648"/>
      </symbol>
      <symbol id="sm-844">
         <name>__mspabi_slll_6</name>
         <value>0xa0b0</value>
         <object_component_ref idref="oc-648"/>
      </symbol>
      <symbol id="sm-845">
         <name>__mspabi_slll_5</name>
         <value>0xa0b4</value>
         <object_component_ref idref="oc-648"/>
      </symbol>
      <symbol id="sm-846">
         <name>__mspabi_slll_4</name>
         <value>0xa0b8</value>
         <object_component_ref idref="oc-648"/>
      </symbol>
      <symbol id="sm-847">
         <name>__mspabi_slll_3</name>
         <value>0xa0bc</value>
         <object_component_ref idref="oc-648"/>
      </symbol>
      <symbol id="sm-848">
         <name>__mspabi_slll_2</name>
         <value>0xa0c0</value>
         <object_component_ref idref="oc-648"/>
      </symbol>
      <symbol id="sm-849">
         <name>__mspabi_slll_1</name>
         <value>0xa0c4</value>
         <object_component_ref idref="oc-648"/>
      </symbol>
      <symbol id="sm-84a">
         <name>__mspabi_slll</name>
         <value>0xa38e</value>
         <object_component_ref idref="oc-75c"/>
      </symbol>
      <symbol id="sm-84b">
         <name>__mspabi_slll_15</name>
         <value>0xa08c</value>
         <object_component_ref idref="oc-648"/>
      </symbol>
      <symbol id="sm-84c">
         <name>__mspabi_slll_14</name>
         <value>0xa090</value>
         <object_component_ref idref="oc-648"/>
      </symbol>
      <symbol id="sm-84d">
         <name>__mspabi_slll_13</name>
         <value>0xa094</value>
         <object_component_ref idref="oc-648"/>
      </symbol>
      <symbol id="sm-84e">
         <name>__mspabi_slll_12</name>
         <value>0xa098</value>
         <object_component_ref idref="oc-648"/>
      </symbol>
      <symbol id="sm-84f">
         <name>__mspabi_slll_11</name>
         <value>0xa09c</value>
         <object_component_ref idref="oc-648"/>
      </symbol>
      <symbol id="sm-850">
         <name>__mspabi_slll_10</name>
         <value>0xa0a0</value>
         <object_component_ref idref="oc-648"/>
      </symbol>
      <symbol id="sm-859">
         <name>__mspabi_srll_8</name>
         <value>0xa0e6</value>
         <object_component_ref idref="oc-5a7"/>
      </symbol>
      <symbol id="sm-85a">
         <name>__mspabi_srll_9</name>
         <value>0xa0e2</value>
         <object_component_ref idref="oc-5a7"/>
      </symbol>
      <symbol id="sm-85b">
         <name>__mspabi_srll_6</name>
         <value>0xa0ee</value>
         <object_component_ref idref="oc-5a7"/>
      </symbol>
      <symbol id="sm-85c">
         <name>__mspabi_srll_7</name>
         <value>0xa0ea</value>
         <object_component_ref idref="oc-5a7"/>
      </symbol>
      <symbol id="sm-85d">
         <name>__mspabi_srll_4</name>
         <value>0xa0f6</value>
         <object_component_ref idref="oc-5a7"/>
      </symbol>
      <symbol id="sm-85e">
         <name>__mspabi_srll_5</name>
         <value>0xa0f2</value>
         <object_component_ref idref="oc-5a7"/>
      </symbol>
      <symbol id="sm-85f">
         <name>__mspabi_srll_2</name>
         <value>0xa0fe</value>
         <object_component_ref idref="oc-5a7"/>
      </symbol>
      <symbol id="sm-860">
         <name>__mspabi_srll_3</name>
         <value>0xa0fa</value>
         <object_component_ref idref="oc-5a7"/>
      </symbol>
      <symbol id="sm-861">
         <name>__mspabi_srll_1</name>
         <value>0xa102</value>
         <object_component_ref idref="oc-5a7"/>
      </symbol>
      <symbol id="sm-862">
         <name>__mspabi_srll_15</name>
         <value>0xa0ca</value>
         <object_component_ref idref="oc-5a7"/>
      </symbol>
      <symbol id="sm-863">
         <name>__mspabi_srll_14</name>
         <value>0xa0ce</value>
         <object_component_ref idref="oc-5a7"/>
      </symbol>
      <symbol id="sm-864">
         <name>__mspabi_srll_13</name>
         <value>0xa0d2</value>
         <object_component_ref idref="oc-5a7"/>
      </symbol>
      <symbol id="sm-865">
         <name>__mspabi_srll_12</name>
         <value>0xa0d6</value>
         <object_component_ref idref="oc-5a7"/>
      </symbol>
      <symbol id="sm-866">
         <name>__mspabi_srll_11</name>
         <value>0xa0da</value>
         <object_component_ref idref="oc-5a7"/>
      </symbol>
      <symbol id="sm-867">
         <name>__mspabi_srll_10</name>
         <value>0xa0de</value>
         <object_component_ref idref="oc-5a7"/>
      </symbol>
      <symbol id="sm-877">
         <name>_c_int00_noargs_mpu</name>
         <value>0xa416</value>
         <object_component_ref idref="oc-466"/>
      </symbol>
      <symbol id="sm-878">
         <name>_stack</name>
         <value>0x2f60</value>
         <object_component_ref idref="oc-41c"/>
      </symbol>
      <symbol id="sm-879">
         <name>_reset_vector</name>
         <value>0xfffe</value>
         <object_component_ref idref="oc-41f"/>
      </symbol>
      <symbol id="sm-887">
         <name>__mpu_init</name>
         <value>0xa108</value>
         <object_component_ref idref="oc-4a2"/>
      </symbol>
      <symbol id="sm-8aa">
         <name>__TI_auto_init_nobinit_nopinit_hold_wdt</name>
         <value>0x9e08</value>
         <object_component_ref idref="oc-50e"/>
      </symbol>
      <symbol id="sm-8b3">
         <name>_system_post_cinit</name>
         <value>0xa412</value>
         <object_component_ref idref="oc-5e5"/>
      </symbol>
      <symbol id="sm-8bc">
         <name>_system_pre_init</name>
         <value>0xa40e</value>
         <object_component_ref idref="oc-48a"/>
      </symbol>
      <symbol id="sm-8cc">
         <name>C$$EXIT</name>
         <value>0xa3fe</value>
         <object_component_ref idref="oc-4ea"/>
      </symbol>
      <symbol id="sm-8cd">
         <name>abort</name>
         <value>0xa3fe</value>
         <object_component_ref idref="oc-4ea"/>
      </symbol>
      <symbol id="sm-8de">
         <name>strlen</name>
         <value>0xa3cc</value>
         <object_component_ref idref="oc-4cb"/>
      </symbol>
   </symbol_table>
   <title>Link successful</title>
</link_info>
